```bash
hacker@man~helpful-programs:~$ /challenge/challenge --help
usage: a challenge to make you ask for help [-h] [--fortune] [-v]
                                            [-g GIVE_THE_FLAG] [-p]

optional arguments:
  -h, --help            show this help message and exit
  --fortune             read your fortune
  -v, --version         get the version number
  -g GIVE_THE_FLAG, --give-the-flag GIVE_THE_FLAG
                        get the flag, if given the correct value
  -p, --print-value     print the value that will cause the -g option to give
                        you the flag
hacker@man~helpful-programs:~$ /challenge/challenge -g
usage: a challenge to make you ask for help [-h] [--fortune] [-v]
                                            [-g GIVE_THE_FLAG] [-p]
a challenge to make you ask for help: error: argument -g/--give-the-flag: expected one argument
hacker@man~helpful-programs:~$ /challenge/challenge -g -p
You passed -p as an argument to -g! Please read the usage
carefully: -g takes *its own* numerical argument.
hacker@man~helpful-programs:~$ /challenge/challenge -p
The secret value is: 654
hacker@man~helpful-programs:~$ /challenge/challenge -g 654
Correct usage! Your flag: pwn.college{gHd6k_u5VGV-SpHTH41cGHCPHaH.ddjM4QDLzYTN0czW}
```
